// Jest Snapshot v1, https://goo.gl/fbAQLP

exports[`List snapshot 1`] = `
ShallowWrapper {
  "length": 1,
  Symbol(enzyme.__root__): [Circular],
  Symbol(enzyme.__unrendered__): <List />,
  Symbol(enzyme.__renderer__): Object {
    "batchedUpdates": [Function],
    "getNode": [Function],
    "render": [Function],
    "simulateEvent": [Function],
    "unmount": [Function],
  },
  Symbol(enzyme.__node__): Object {
    "instance": null,
    "key": undefined,
    "nodeType": "class",
    "props": Object {
      "children": <Connect(Droppable)
        direction="vertical"
        droppableId="droppable"
        ignoreContainerClipping={false}
        isDropDisabled={false}
        type="DEFAULT"
>
        [Function]
</Connect(Droppable)>,
      "onDragEnd": [Function],
    },
    "ref": null,
    "rendered": Object {
      "instance": null,
      "key": undefined,
      "nodeType": "class",
      "props": Object {
        "children": [Function],
        "direction": "vertical",
        "droppableId": "droppable",
        "ignoreContainerClipping": false,
        "isDropDisabled": false,
        "type": "DEFAULT",
      },
      "ref": null,
      "rendered": [Function],
      "type": [Function],
    },
    "type": [Function],
  },
  Symbol(enzyme.__nodes__): Array [
    Object {
      "instance": null,
      "key": undefined,
      "nodeType": "class",
      "props": Object {
        "children": <Connect(Droppable)
          direction="vertical"
          droppableId="droppable"
          ignoreContainerClipping={false}
          isDropDisabled={false}
          type="DEFAULT"
>
          [Function]
</Connect(Droppable)>,
        "onDragEnd": [Function],
      },
      "ref": null,
      "rendered": Object {
        "instance": null,
        "key": undefined,
        "nodeType": "class",
        "props": Object {
          "children": [Function],
          "direction": "vertical",
          "droppableId": "droppable",
          "ignoreContainerClipping": false,
          "isDropDisabled": false,
          "type": "DEFAULT",
        },
        "ref": null,
        "rendered": [Function],
        "type": [Function],
      },
      "type": [Function],
    },
  ],
  Symbol(enzyme.__options__): Object {
    "adapter": ReactSixteenAdapter {
      "options": Object {
        "enableComponentDidUpdateOnSetState": true,
      },
    },
  },
}
`;
